// Jest Snapshot v1, https://goo.gl/fbAQLP

exports[`Box renders correctly 1`] = `<div data-server-rendered="true" class="box">hello</div>`;
